node : FAIL src/test/unit/sync_cancellation.test.ts
At line:1 char:1
+ node node_modules/jest/bin/jest.js src/test/unit/sync_cancellation.te ...
+ ~~~~~~~~~~~~~~~~~~~~~~~~~~~~~~~~~~~~~~~~~~~~~~~~~~~~~~~~~~~~~~~~~~~~~
    + CategoryInfo          : NotSpecified: (FAIL src/test/u...llation.test.t 
   s:String) [], RemoteException
    + FullyQualifiedErrorId : NativeCommandError
 
  ΓùÅ Test suite failed to run

    Cannot find module '../../driveService' from 'src/test/unit/sync_cancellat
ion.test.ts'

    [0m [90m 28 |[39m [90m// Mock other dependencies[39m
     [90m 29 |[39m jest[33m.[39mmock([32m'../../googleAuth'[39m)[33m;[
39m
    [31m[1m>[22m[39m[90m 30 |[39m jest[33m.[39mmock([32m'../../driveS
ervice'[39m)[33m;[39m
     [90m    |[39m      [31m[1m^[22m[39m
     [90m 31 |[39m jest[33m.[39mmock([32m'../../quota/quotaManager'[39m)
[33m;[39m [90m// Mock quota manager as it is used in SyncManager[39m
     [90m 32 |[39m
     [90m 33 |[39m [36mimport[39m { [33mSyncManager[39m } [36mfrom[39m
 [32m'../../sync'[39m[33m;[39m[0m

      at Resolver._throwModNotFoundError (node_modules/jest-resolve/build/inde
x.js:863:11)
      at Object.<anonymous> (src/test/unit/sync_cancellation.test.ts:30:6)

Test Suites: 1 failed, 1 total
Tests:       0 total
Snapshots:   0 total
Time:        6.731 s
Ran all test suites matching src/test/unit/sync_cancellation.test.ts.
